// Jest Snapshot v1, https://goo.gl/fbAQLP

exports[`FormStepFour Should match the snapshot 1`] = `
<div>
  <form novalidate="novalidate" class="v-form">
    <div class="v-subheader sub-header font-weight-bold theme--light">
      Physical Appearance
    </div>
    <div class="row ml-5">
      <div class="col-sm-3 col-md-5 col-6">
        <div class="v-input theme--light v-text-field">
          <div class="v-input__prepend-outer"><i aria-hidden="true" class="v-icon notranslate mdi mdi-asterisk theme--light error--text" style="font-size: 12px;"></i></div>
          <div class="v-input__control">
            <div class="v-input__slot">
              <div class="v-text-field__slot"><label for="input-5" class="v-label theme--light" style="left: 0px; position: absolute;">Height feet</label><input id="input-5" type="text"></div>
            </div>
            <div class="v-text-field__details">
              <div class="v-messages theme--light">
                <transition-group-stub tag="div" name="message-transition" class="v-messages__wrapper"></transition-group-stub>
              </div>
            </div>
          </div>
        </div>
      </div>
      <div class="col-sm-3 col-md-5 col-6">
        <div class="v-input theme--light v-text-field">
          <div class="v-input__prepend-outer"><i aria-hidden="true" class="v-icon notranslate mdi mdi-asterisk theme--light error--text" style="font-size: 12px;"></i></div>
          <div class="v-input__control">
            <div class="v-input__slot">
              <div class="v-text-field__slot"><label for="input-9" class="v-label theme--light" style="left: 0px; position: absolute;">Height inches</label><input id="input-9" type="text"></div>
            </div>
            <div class="v-text-field__details">
              <div class="v-messages theme--light">
                <transition-group-stub tag="div" name="message-transition" class="v-messages__wrapper"></transition-group-stub>
              </div>
            </div>
          </div>
        </div>
      </div>
      <div class="col-sm-3 col-md-5 col-6">
        <div class="v-input theme--light v-text-field">
          <div class="v-input__prepend-outer"><i aria-hidden="true" class="v-icon notranslate mdi mdi-asterisk theme--light error--text" style="font-size: 12px;"></i></div>
          <div class="v-input__control">
            <div class="v-input__slot">
              <div class="v-text-field__slot"><label for="input-13" class="v-label theme--light" style="left: 0px; position: absolute;">Weight</label><input id="input-13" type="text"></div>
            </div>
            <div class="v-text-field__details">
              <div class="v-messages theme--light">
                <transition-group-stub tag="div" name="message-transition" class="v-messages__wrapper"></transition-group-stub>
              </div>
            </div>
          </div>
        </div>
      </div>
      <div class="col-sm-3 col-md-5 col-6">
        <div class="v-input theme--light v-text-field v-select">
          <div class="v-input__prepend-outer"><i aria-hidden="true" class="v-icon notranslate mdi mdi-asterisk theme--light error--text" style="font-size: 12px;"></i></div>
          <div class="v-input__control">
            <div role="button" aria-haspopup="listbox" aria-expanded="false" aria-owns="list-17" class="v-input__slot">
              <div class="v-select__slot"><label for="input-17" class="v-label theme--light" style="left: 0px; position: absolute;">Hair Color</label>
                <div class="v-select__selections"><input id="input-17" readonly="readonly" type="text" aria-readonly="false" autocomplete="off"></div>
                <div class="v-input__append-inner">
                  <div class="v-input__icon v-input__icon--append"><i aria-hidden="true" class="v-icon notranslate mdi mdi-menu-down theme--light"></i></div>
                </div><input type="hidden">
              </div>
              <div class="v-menu">
                <!---->
              </div>
            </div>
            <div class="v-text-field__details">
              <div class="v-messages theme--light">
                <transition-group-stub tag="div" name="message-transition" class="v-messages__wrapper"></transition-group-stub>
              </div>
            </div>
          </div>
        </div>
      </div>
      <div class="col-sm-3 col-md-5 col-6">
        <div class="v-input theme--light v-text-field v-select">
          <div class="v-input__prepend-outer"><i aria-hidden="true" class="v-icon notranslate mdi mdi-asterisk theme--light error--text" style="font-size: 12px;"></i></div>
          <div class="v-input__control">
            <div role="button" aria-haspopup="listbox" aria-expanded="false" aria-owns="list-23" class="v-input__slot">
              <div class="v-select__slot"><label for="input-23" class="v-label theme--light" style="left: 0px; position: absolute;">Eye Color</label>
                <div class="v-select__selections"><input id="input-23" readonly="readonly" type="text" aria-readonly="false" autocomplete="off"></div>
                <div class="v-input__append-inner">
                  <div class="v-input__icon v-input__icon--append"><i aria-hidden="true" class="v-icon notranslate mdi mdi-menu-down theme--light"></i></div>
                </div><input type="hidden">
              </div>
              <div class="v-menu">
                <!---->
              </div>
            </div>
            <div class="v-text-field__details">
              <div class="v-messages theme--light">
                <transition-group-stub tag="div" name="message-transition" class="v-messages__wrapper"></transition-group-stub>
              </div>
            </div>
          </div>
        </div>
      </div>
    </div>
    <div class="v-subheader sub-header font-weight-bold theme--light">
      Gender
    </div>
    <div class="row ml-5">
      <div class="col-sm-3 col-md-5 col-6">
        <div class="radio-group">
          <div class="v-input theme--light v-input--selection-controls v-input--radio-group v-input--radio-group--row">
            <div class="v-input__control">
              <div class="v-input__slot" style="height: auto;">
                <div role="radiogroup" aria-labelledby="input-31" class="v-input--radio-group__input">
                  <legend id="input-31" class="v-label theme--light" style="left: 0px; position: relative;">Gender</legend>
                  <div class="v-radio radio-group text--black theme--light">
                    <div class="v-input--selection-controls__input"><i aria-hidden="true" class="v-icon notranslate mdi mdi-radiobox-blank theme--light"></i><input aria-checked="false" id="input-32" role="radio" type="radio" name="radio-31" value="male">
                      <div class="v-input--selection-controls__ripple"></div>
                    </div><label for="input-32" class="v-label theme--light" style="left: 0px; position: relative;">Male</label>
                  </div>
                  <div class="v-radio radio-group text--black theme--light">
                    <div class="v-input--selection-controls__input"><i aria-hidden="true" class="v-icon notranslate mdi mdi-radiobox-blank theme--light"></i><input aria-checked="false" id="input-34" role="radio" type="radio" name="radio-31" value="female">
                      <div class="v-input--selection-controls__ripple"></div>
                    </div><label for="input-34" class="v-label theme--light" style="left: 0px; position: relative;">Female</label>
                  </div>
                </div>
              </div>
              <div class="v-messages theme--light">
                <transition-group-stub tag="div" name="message-transition" class="v-messages__wrapper"></transition-group-stub>
              </div>
            </div>
          </div>
          <!---->
        </div>
        <div role="alert" class="v-alert v-sheet v-sheet--outlined theme--light v-alert--dense v-alert--outlined error--text">
          <div class="v-alert__wrapper"><i aria-hidden="true" class="v-icon notranslate v-alert__icon mdi mdi-alert theme--light error--text"></i>
            <div class="v-alert__content">
              Must select a gender
            </div>
          </div>
        </div>
      </div>
      <div class="col-sm-3 col-md-5 col-6">
        <div class="v-input v-textarea theme--light v-text-field">
          <div class="v-input__control">
            <div class="v-input__slot">
              <div class="v-text-field__slot"><label for="input-40" class="v-label theme--light" style="left: 0px; position: absolute;">Physical Description</label><textarea id="input-40" rows="5"></textarea></div>
              <div class="v-input__append-inner">
                <div></div>
              </div>
            </div>
            <div class="v-text-field__details">
              <div class="v-messages theme--light">
                <transition-group-stub tag="div" name="message-transition" class="v-messages__wrapper"></transition-group-stub>
              </div>
            </div>
          </div>
        </div>
      </div>
    </div>
  </form>
  <hr role="separator" aria-orientation="horizontal" class="v-divider theme--light">
  <div class="form-btn-container"><button type="button" disabled="disabled" class="v-btn v-btn--disabled v-btn--has-bg theme--light v-size--default"><span class="v-btn__content">
    Continue
  </span></button> <button type="button" class="v-btn v-btn--is-elevated v-btn--has-bg theme--light v-size--default secondary mx-2"><span class="v-btn__content">
    Save and Exit
  </span></button> <button type="button" class="v-btn v-btn--is-elevated v-btn--has-bg theme--light v-size--default error mr-2"><span class="v-btn__content">
    Cancel
  </span></button></div>
</div>
`;
