// Jest Snapshot v1, https://goo.gl/fbAQLP

exports[`AcknowledgementButtonContainer should match the snapshot 1`] = `
<div class="acknowledgement-button-container"><button type="button" class="v-btn v-btn--is-elevated v-btn--has-bg theme--light v-size--default success mr-3"><span class="v-btn__content">
    Accept
  </span></button> <button type="button" class="v-btn v-btn--is-elevated v-btn--has-bg theme--light v-size--default error mr-3"><span class="v-btn__content">
    Decline
  </span></button></div>
`;
