// Jest Snapshot v1, https://goo.gl/fbAQLP

exports[`FormButtonContainer should match the snapshot 1`] = `
<div class="form-btn-container">
  <div class="form-btn-inner">
    <div><button type="button" class="mt-3 v-btn v-btn--is-elevated v-btn--has-bg theme--light v-size--default success "><span class="v-btn__content">
        Continue
      </span></button> <button type="button" class="mt-3 v-btn v-btn--is-elevated v-btn--has-bg theme--light v-size--default accent mx-2"><span class="v-btn__content">
        Save and Exit
      </span></button></div>
    <div><button type="button" class="mt-3 v-btn v-btn--is-elevated v-btn--has-bg theme--light v-size--default warning mx-2"><span class="v-btn__content">
        Go back
      </span></button> <button type="button" class="mt-3 v-btn v-btn--is-elevated v-btn--has-bg theme--light v-size--default error mr-2"><span class="v-btn__content">
        Cancel
      </span></button></div>
  </div>
</div>
`;
