// Jest Snapshot v1, https://goo.gl/fbAQLP

exports[`Footer should match the snapshot 1`] = `
<footer class="v-footer v-sheet theme--light v-footer--fixed v-footer--padless" style="left: 0px; right: 0px; bottom: 0px;">
  <div class="lighten-2 ml-4 text-center col col-12" style="color: rgb(102, 112, 133);">
    © 2023 — CSSA
    — #{TEMPLATE_VERSION}#
  </div>
</footer>
`;
