// Jest Snapshot v1, https://goo.gl/fbAQLP

exports[`SideBar should match the snapshot 1`] = `
<nav class="sidebar v-navigation-drawer v-navigation-drawer--fixed v-navigation-drawer--mini-variant v-navigation-drawer--open theme--light" style="height: 100vh; top: 0px; max-height: calc(100% - 0px); transform: translateX(0%); width: 56px;">
  <div class="v-navigation-drawer__content">
    <div class="v-list mt-1 v-sheet theme--light v-list--nav">
      <router-link tabindex="0" class="px-2 logo v-list-item v-list-item--link theme--light">
        <div class="v-avatar v-list-item__avatar" style="height: 32px; min-width: 40px; width: 32px;">
          <div aria-busy="true" aria-live="polite" role="alert" class="v-skeleton-loader v-skeleton-loader--is-loading theme--light" style="height: 32px; width: 32px;">
            <div class="v-skeleton-loader__card-avatar v-skeleton-loader__bone">
              <div class="v-skeleton-loader__image v-skeleton-loader__bone"></div>
              <div class="v-skeleton-loader__list-item-avatar v-skeleton-loader__bone">
                <div class="v-skeleton-loader__avatar v-skeleton-loader__bone"></div>
                <div class="v-skeleton-loader__text v-skeleton-loader__bone"></div>
              </div>
            </div>
          </div>
        </div>
        <div class="v-list-item__content">
          <div class="v-list-item__title text-h6">
            CCW
          </div>
        </div>
      </router-link>
      <div tabindex="-1" class="v-list-item theme--light">
        <div>
          <div class="v-input theme--light v-text-field v-text-field--placeholder v-select v-autocomplete">
            <div class="v-input__prepend-outer">
              <div class="v-input__icon v-input__icon--prepend"><i aria-hidden="true" class="v-icon notranslate mdi mdi-magnify theme--light"></i></div>
            </div>
            <div class="v-input__control">
              <div role="combobox" aria-haspopup="listbox" aria-expanded="false" aria-owns="list-9" class="v-input__slot">
                <div class="v-select__slot"><label for="input-9" class="v-label theme--light" style="left: 0px; position: absolute;">Search</label><input id="input-9" type="text" autocomplete="off">
                  <div class="v-input__append-inner">
                    <div class="v-input__icon v-input__icon--append"><i aria-hidden="true" class="v-icon notranslate mdi mdi-menu-down theme--light"></i></div>
                  </div><input type="hidden">
                </div>
                <div class="v-menu">
                  <!---->
                </div>
              </div>
              <div class="v-text-field__details">
                <div class="v-messages theme--light">
                  <transition-group-stub tag="div" name="message-transition" class="v-messages__wrapper"></transition-group-stub>
                </div>
              </div>
            </div>
          </div>
        </div>
      </div>
      <div class="v-list v-sheet theme--light v-list--dense v-list--nav">
        <router-link tabindex="0" class="v-list-item v-list-item--link theme--light">
          <div class="v-list-item__icon"><i aria-hidden="true" class="v-icon notranslate mdi mdi-view-dashboard theme--light"></i></div>
          <div class="v-list-item__title">Dashboard</div>
        </router-link>
        <router-link tabindex="0" class="v-list-item v-list-item--link theme--light">
          <div class="v-list-item__icon"><i aria-hidden="true" class="v-icon notranslate mdi mdi-calendar-blank-outline theme--light"></i></div>
          <div class="v-list-item__title">
            Appointments
            <!---->
          </div>
        </router-link>
        <router-link tabindex="0" class="v-list-item v-list-item--link theme--light">
          <div class="v-list-item__icon"><i aria-hidden="true" class="v-icon notranslate mdi mdi-file-document theme--light"></i></div>
          <div class="v-list-item__title">Permits</div>
        </router-link>
        <router-link tabindex="0" class="v-list-item v-list-item--link theme--light">
          <div class="v-list-item__icon"><i aria-hidden="true" class="v-icon notranslate mdi mdi-clock-outline theme--light"></i></div>
          <div class="v-list-item__title">My Work</div>
        </router-link>
        <router-link tabindex="0" class="v-list-item v-list-item--link theme--light">
          <div class="v-list-item__icon"><i aria-hidden="true" class="v-icon notranslate mdi mdi-chart-timeline-variant-shimmer theme--light"></i></div>
          <div class="v-list-item__title">Numbers</div>
        </router-link>
        <router-link tabindex="0" class="v-list-item v-list-item--link theme--light">
          <div class="v-list-item__icon"><i aria-hidden="true" class="v-icon notranslate mdi mdi-cog theme--light"></i></div>
          <div class="v-list-item__title">System Settings</div>
        </router-link>
      </div>
      <div class="v-list v-sheet theme--light v-list--dense v-list--nav">
        <div class="login">
          <div>
            <div tabindex="0" class="v-list-item v-list-item--link theme--light">
              <div class="v-list-item__icon"><i aria-hidden="true" class="v-icon notranslate mdi mdi-account-circle theme--light"></i></div>
              <div class="v-list-item__title"> Login </div>
            </div>
          </div>
        </div>
      </div>
    </div>
  </div>
  <div class="v-navigation-drawer__border"></div>
</nav>
`;
