// Jest Snapshot v1, https://goo.gl/fbAQLP

exports[`LoginButton should match the snapshot 1`] = `
<div>
  <div><button type="button" class="v-btn v-btn--is-elevated v-btn--has-bg theme--light v-size--default primary lighten-2" color="primary lighten-2"><span class="v-btn__content">
  Login/Sign-up
</span></button></div>
</div>
`;
