// Jest Snapshot v1, https://goo.gl/fbAQLP

exports[`AliasTable should match the snapshot 1`] = `
<div class="container container--fluid">
  <div class="v-data-table my-3 theme--light">
    <div class="v-data-table__wrapper">
      <table>
        <thead>
          <tr>
            <th scope="col">Previous Last name</th>
            <th scope="col">Previous First name</th>
            <th scope="col">Previous Middle name</th>
            <th scope="col">City where changed</th>
            <th scope="col">State or region where changed</th>
            <th scope="col">Court file number</th>
            <th scope="col"></th>
          </tr>
        </thead>
        <tbody></tbody>
      </table>
    </div>
  </div>
</div>
`;
