// Jest Snapshot v1, https://goo.gl/fbAQLP

exports[`WeaponsTable Should match the snapshot 1`] = `
<div class="container container--fluid">
  <div class="v-data-table text-left my-3 theme--light">
    <div class="v-data-table__wrapper">
      <table>
        <thead>
          <tr>
            <th>
              Make
            </th>
            <th>
              Model
            </th>
            <th>
              Caliper
            </th>
            <th>
              Serial Number
            </th>
            <th></th>
          </tr>
        </thead>
        <tbody>
          <tr>
            <td>
              walther
            </td>
            <td>
              pps
            </td>
            <td>
              9mm
            </td>
            <td>
              12345
            </td>
            <td><button type="button" class="v-btn v-btn--text theme--light v-size--default error--text" aria-haspopup="true" aria-expanded="false"><span class="v-btn__content"><i aria-hidden="true" class="v-icon notranslate mdi mdi-close-circle theme--light error--text"></i></span></button><span class="v-tooltip v-tooltip--bottom"><!----></span></td>
          </tr>
        </tbody>
      </table>
    </div>
  </div>
</div>
`;
