// Jest Snapshot v1, https://goo.gl/fbAQLP

exports[`AddressInfoSection Should match the snapshot 1`] = `
<div class="container address-info-container rounded container--fluid">
  <transition-stub name="expand-transition" class="font-weight-bold text-xl text-left mb-5">
    <div class="v-banner v-sheet theme--light v-banner--is-mobile">
      <div class="v-banner__wrapper">
        <div class="v-banner__content">
          <div class="v-banner__text">

          </div>
        </div>
      </div>
    </div>
  </transition-stub>
  <div class="row">
    <div class="col-lg-6 col-12">
      <div class="info-row"><span class="font-weight-bold v-chip v-chip--label v-chip--no-color theme--light v-size--default"><span class="v-chip__content">
          Address 1
        </span></span>
        <div class="info-text">
          line1
        </div>
      </div>
    </div>
    <div class="col-lg-6 col-12">
      <div class="info-row"><span class="font-weight-bold v-chip v-chip--label v-chip--no-color theme--light v-size--default"><span class="v-chip__content">
          Address 2
        </span></span>
        <div class="info-text">
          line2
        </div>
      </div>
    </div>
  </div>
  <div class="row">
    <div class="col-lg-6 col-12">
      <div class="info-row"><span class="font-weight-bold v-chip v-chip--label v-chip--no-color theme--light v-size--default"><span class="v-chip__content">
          City
        </span></span>
        <div class="info-text">
          city
        </div>
      </div>
    </div>
    <div class="col-lg-6 col-12">
      <div class="info-row"><span class="font-weight-bold v-chip v-chip--label v-chip--no-color theme--light v-size--default"><span class="v-chip__content">
          State
        </span></span>
        <div class="info-text">
          state
        </div>
      </div>
    </div>
  </div>
  <div class="row">
    <div class="col-lg-6 col-12">
      <div class="info-row"><span class="font-weight-bold v-chip v-chip--label v-chip--no-color theme--light v-size--default"><span class="v-chip__content">
          County
        </span></span>
        <div class="info-text">
          county
        </div>
      </div>
    </div>
    <div class="col-lg-6 col-12">
      <div class="info-row"><span class="font-weight-bold v-chip v-chip--label v-chip--no-color theme--light v-size--default"><span class="v-chip__content">
          Zip
        </span></span>
        <div class="info-text">
          zip
        </div>
      </div>
    </div>
  </div>
  <div class="row">
    <div class="col-lg-6 col-12">
      <div class="info-row"><span class="font-weight-bold v-chip v-chip--label v-chip--no-color theme--light v-size--default"><span class="v-chip__content">
          Country
        </span></span>
        <div class="info-text">
          country
        </div>
      </div>
    </div>
  </div>
</div>
`;
