// Jest Snapshot v1, https://goo.gl/fbAQLP

exports[`AppearanceInfoSection Should match the snapshot 1`] = `
<div class="container appearance-info-container rounded container--fluid">
  <transition-stub name="expand-transition" class="font-weight-bold text-xl text-left mb-5">
    <div class="v-banner v-sheet theme--light v-banner--is-mobile">
      <div class="v-banner__wrapper">
        <div class="v-banner__content">
          <div class="v-banner__text">
            Physical Appearance Information
          </div>
        </div>
      </div>
    </div>
  </transition-stub>
  <div class="row mb-5">
    <div class="col-lg-6 col-12">
      <div class="info-row"><span class="font-weight-bold v-chip v-chip--label v-chip--no-color theme--light v-size--default"><span class="v-chip__content">
          Height Feet
        </span></span>
        <div class="info-text">
          5
        </div>
      </div>
    </div>
    <div class="col-lg-6 col-12">
      <div class="info-row"><span class="font-weight-bold v-chip v-chip--label v-chip--no-color theme--light v-size--default"><span class="v-chip__content">
          Height Inch
        </span></span>
        <div class="info-text">
          5
        </div>
      </div>
    </div>
    <div class="col-lg-6 col-12">
      <div class="info-row"><span class="font-weight-bold v-chip v-chip--label v-chip--no-color theme--light v-size--default"><span class="v-chip__content">
           Weight 
        </span></span>
        <div class="info-text">
          5
        </div>
      </div>
    </div>
  </div>
  <div class="row mb-5">
    <div class="col-lg-6 col-12">
      <div class="info-row"><span class="font-weight-bold v-chip v-chip--label v-chip--no-color theme--light v-size--default"><span class="v-chip__content">
           Hair Color 
        </span></span>
        <div class="info-text">
          black
        </div>
      </div>
    </div>
    <div class="col-lg-6 col-12">
      <div class="info-row"><span class="font-weight-bold v-chip v-chip--label v-chip--no-color theme--light v-size--default"><span class="v-chip__content">
           Eye Color 
        </span></span>
        <div class="info-text">
          black
        </div>
      </div>
    </div>
    <div class="col-lg-6 col-12">
      <div class="info-row"><span class="font-weight-bold v-chip v-chip--label v-chip--no-color theme--light v-size--default"><span class="v-chip__content">
           Gender
        </span></span>
        <div class="info-text">
          male
        </div>
      </div>
    </div>
  </div>
  <div class="row">
    <div class="col-lg-6 col-12">
      <div class="info-row"><span class="font-weight-bold v-chip v-chip--label v-chip--no-color theme--light v-size--default"><span class="v-chip__content">
           Physical Description
        </span></span>
        <div class="info-text">
          something
        </div>
      </div>
    </div>
  </div>
</div>
`;
