// Jest Snapshot v1, https://goo.gl/fbAQLP

exports[`CitizenInfoSection Should match the snapshot 1`] = `
<div class="container citizen-info-container rounded">
  <div class="rounded v-card v-sheet theme--light">
    <div class="v-card__title ml-3">
      Citizenship Information
    </div>
    <div class="v-card__text m-5">
      <div class="row">
        <div class="col">
          <div class="info-row">
            <h3>Citizen: </h3>
            <p class="info-text">
              true
            </p>
          </div>
        </div>
        <div class="col">
          <div class="info-row">
            <h3>Military Status: </h3>
            <p class="info-text">
              active
            </p>
          </div>
        </div>
      </div>
    </div>
  </div>
</div>
`;
