// Jest Snapshot v1, https://goo.gl/fbAQLP

exports[`CitizenInfoSection Should match the snapshot 1`] = `
<div class="container citizen-info-container rounded">
  <transition-stub name="expand-transition" class="sub-header font-weight-bold text-xl text-left my-5">
    <div class="v-banner v-sheet theme--light v-banner--is-mobile">
      <div class="v-banner__wrapper">
        <div class="v-banner__content">
          <div class="v-banner__text">
            Citizenship Information:
          </div>
        </div>
      </div>
    </div>
  </transition-stub>
  <div class="row">
    <div class="col-lg-6 col-12">
      <transition-stub name="expand-transition" class="text-left">
        <div class="v-banner v-sheet theme--light rounded v-banner--is-mobile v-banner--single-line">
          <div class="v-banner__wrapper">
            <div class="v-banner__content">
              <div class="v-banner__text"><i aria-hidden="true" class="v-icon notranslate v-icon--left mdi mdi-card-account-details theme--light accent--text"></i> <strong>
          Citizen: 
        </strong>
                true
              </div>
            </div>
          </div>
        </div>
      </transition-stub>
    </div>
    <div class="col-lg-6 col-12">
      <transition-stub name="expand-transition" class="text-left">
        <div class="v-banner v-sheet theme--light rounded v-banner--is-mobile v-banner--single-line">
          <div class="v-banner__wrapper">
            <div class="v-banner__content">
              <div class="v-banner__text"><i aria-hidden="true" class="v-icon notranslate v-icon--left mdi mdi-card-account-details theme--light accent--text"></i> <strong>
          Military Status: 
        </strong>
                active
              </div>
            </div>
          </div>
        </div>
      </transition-stub>
    </div>
  </div>
  <div class="row">
    <div class="col-lg-6 col-12">
      <transition-stub name="expand-transition" class="text-left">
        <div class="v-banner v-sheet theme--light rounded v-banner--is-mobile v-banner--single-line">
          <div class="v-banner__wrapper">
            <div class="v-banner__content">
              <div class="v-banner__text"><i aria-hidden="true" class="v-icon notranslate v-icon--left mdi mdi-card-account-details theme--light accent--text"></i> <strong>
          Immigrant Alien: 
        </strong>

              </div>
            </div>
          </div>
        </div>
      </transition-stub>
    </div>
    <div class="col-lg-6 col-12">
      <transition-stub name="expand-transition" class="text-left">
        <div class="v-banner v-sheet theme--light rounded v-banner--is-mobile v-banner--single-line">
          <div class="v-banner__wrapper">
            <div class="v-banner__content">
              <div class="v-banner__text"><i aria-hidden="true" class="v-icon notranslate v-icon--left mdi mdi-card-account-details theme--light accent--text"></i> <strong>
          Non Immigrant Alien: 
        </strong>

              </div>
            </div>
          </div>
        </div>
      </transition-stub>
    </div>
  </div>
  <div class="row">
    <div class="col-lg-6 col-12">
      <transition-stub name="expand-transition" class="text-left">
        <div class="v-banner v-sheet theme--light rounded v-banner--is-mobile v-banner--single-line">
          <div class="v-banner__wrapper">
            <div class="v-banner__content">
              <div class="v-banner__text"><i aria-hidden="true" class="v-icon notranslate v-icon--left mdi mdi-card-account-details theme--light accent--text"></i> <strong>
          Country of Birth: 
        </strong>

              </div>
            </div>
          </div>
        </div>
      </transition-stub>
    </div>
    <div class="col-lg-6 col-12">
      <transition-stub name="expand-transition" class="text-left">
        <div class="v-banner v-sheet theme--light rounded v-banner--is-mobile v-banner--single-line">
          <div class="v-banner__wrapper">
            <div class="v-banner__content">
              <div class="v-banner__text"><i aria-hidden="true" class="v-icon notranslate v-icon--left mdi mdi-card-account-details theme--light accent--text"></i> <strong>
          Country of Citizen: 
        </strong>

              </div>
            </div>
          </div>
        </div>
      </transition-stub>
    </div>
  </div>
</div>
`;
