// Jest Snapshot v1, https://goo.gl/fbAQLP

exports[`DOBinfoSection Should match the snapshot 1`] = `
<div class="container DOB-info-container rounded">
  <transition-stub name="expand-transition" class="font-weight-bold text-xl text-left mb-5">
    <div class="v-banner v-sheet theme--light v-banner--is-mobile">
      <div class="v-banner__wrapper">
        <div class="v-banner__content">
          <div class="v-banner__text">
            Birth Information:
          </div>
        </div>
      </div>
    </div>
  </transition-stub>
  <div class="row">
    <div class="col-lg-6 col-12">
      <div class="info-row"><span class="font-weight-bold v-chip v-chip--label v-chip--no-color theme--light v-size--default"><span class="v-chip__content">
          Birth Date
        </span></span>
        <div class="info-text">
          01/01/01
        </div>
      </div>
    </div>
    <div class="col-lg-6 col-12">
      <div class="info-row"><span class="font-weight-bold v-chip v-chip--label v-chip--no-color theme--light v-size--default"><span class="v-chip__content">
          Birth City
        </span></span>
        <div class="info-text">
          city
        </div>
      </div>
    </div>
  </div>
  <div class="row">
    <div class="col-lg-6 col-12">
      <div class="info-row"><span class="font-weight-bold v-chip v-chip--label v-chip--no-color theme--light v-size--default"><span class="v-chip__content">
          Birth State
        </span></span>
        <div class="info-text">
          state
        </div>
      </div>
    </div>
    <div class="col-lg-6 col-12">
      <div class="info-row"><span class="font-weight-bold v-chip v-chip--label v-chip--no-color theme--light v-size--default"><span class="v-chip__content">
          Birth Country
        </span></span>
        <div class="info-text">
          country
        </div>
      </div>
    </div>
  </div>
</div>
`;
