// Jest Snapshot v1, https://goo.gl/fbAQLP

exports[`DOBinfoSection Should match the snapshot 1`] = `
<div class="container DOB-info-container rounded mt-5">
  <transition-stub name="expand-transition" class="sub-header font-weight-bold text-left mb-5">
    <div as="h1" class="v-banner v-sheet theme--light v-banner--is-mobile">
      <div class="v-banner__wrapper">
        <div class="v-banner__content">
          <div class="v-banner__text">
            Birth Information:
          </div>
        </div>
      </div>
    </div>
  </transition-stub>
  <div class="row">
    <div class="col-lg-6 col-12">
      <transition-stub name="expand-transition" class="text-left">
        <div class="v-banner v-sheet theme--light rounded v-banner--is-mobile v-banner--single-line">
          <div class="v-banner__wrapper">
            <div class="v-banner__content">
              <div class="v-banner__text"><i aria-hidden="true" class="v-icon notranslate v-icon--left mdi mdi-card-account-details theme--light accent--text"></i> <strong>
          Birth Date: 
        </strong>
                01/01/01
              </div>
            </div>
          </div>
        </div>
      </transition-stub>
    </div>
    <div class="col-lg-6 col-12">
      <transition-stub name="expand-transition" class="text-left">
        <div class="v-banner v-sheet theme--light rounded v-banner--is-mobile v-banner--single-line">
          <div class="v-banner__wrapper">
            <div class="v-banner__content">
              <div class="v-banner__text"><i aria-hidden="true" class="v-icon notranslate v-icon--left mdi mdi-card-account-details theme--light accent--text"></i> <strong>
          Birth City: 
        </strong>
                city
              </div>
            </div>
          </div>
        </div>
      </transition-stub>
    </div>
  </div>
  <div class="row">
    <div class="col-lg-6 col-12">
      <transition-stub name="expand-transition" class="text-left">
        <div class="v-banner v-sheet theme--light rounded v-banner--is-mobile v-banner--single-line">
          <div class="v-banner__wrapper">
            <div class="v-banner__content">
              <div class="v-banner__text"><i aria-hidden="true" class="v-icon notranslate v-icon--left mdi mdi-card-account-details theme--light accent--text"></i> <strong>
          Birth State: 
        </strong>
                state
              </div>
            </div>
          </div>
        </div>
      </transition-stub>
    </div>
    <div class="col-lg-6 col-12">
      <transition-stub name="expand-transition" class="text-left">
        <div class="v-banner v-sheet theme--light rounded v-banner--is-mobile v-banner--single-line">
          <div class="v-banner__wrapper">
            <div class="v-banner__content">
              <div class="v-banner__text"><i aria-hidden="true" class="v-icon notranslate v-icon--left mdi mdi-card-account-details theme--light accent--text"></i> <strong>
          Birth Country : 
        </strong>
                country
              </div>
            </div>
          </div>
        </div>
      </transition-stub>
    </div>
  </div>
</div>
`;
