// Jest Snapshot v1, https://goo.gl/fbAQLP

exports[`Header should match the snapshot 1`] = `
<header class="flex-grow-0 v-sheet theme--dark v-toolbar v-app-bar v-app-bar--fixed primary" style="height: 64px; margin-top: 0px; transform: translateY(0px); left: 0px; right: 0px;">
  <div class="v-toolbar__content" style="height: 64px;">
    <div class="v-toolbar__title v-app-bar-title">
      <div class="v-app-bar-title__content">
        NavBar I am under construction
      </div>
      <div class="v-app-bar-title__placeholder" style="visibility: hidden;">
        NavBar I am under construction
      </div>
    </div>
  </div>
</header>
`;
